node_modules/@types/babel__traverse/index.d.ts(1467,40): error TS1005: '?' expected.
node_modules/@types/babel__traverse/index.d.ts(1475,42): error TS1005: '?' expected.
node_modules/@types/node/crypto.d.ts(516,86): error TS1005: '?' expected.
node_modules/@types/node/http.d.ts(200,47): error TS1005: ',' expected.
node_modules/@types/node/http.d.ts(200,71): error TS1109: Expression expected.
node_modules/@types/node/http.d.ts(201,5): error TS1109: Expression expected.
node_modules/@types/node/http.d.ts(205,46): error TS1005: ',' expected.
node_modules/@types/node/http.d.ts(209,46): error TS1005: ',' expected.
node_modules/@types/node/http.d.ts(216,44): error TS1005: ',' expected.
node_modules/@types/node/http.d.ts(222,51): error TS1005: ',' expected.
node_modules/@types/node/http.d.ts(230,46): error TS1005: ',' expected.
node_modules/@types/node/http.d.ts(237,52): error TS1005: ',' expected.
node_modules/@types/node/http.d.ts(242,57): error TS1005: ',' expected.
node_modules/@types/node/http.d.ts(249,44): error TS1005: ',' expected.
node_modules/@types/node/http.d.ts(256,43): error TS1005: ',' expected.
node_modules/@types/node/http.d.ts(263,49): error TS1005: ',' expected.
node_modules/@types/node/http.d.ts(270,43): error TS1005: ',' expected.
node_modules/@types/node/http.d.ts(276,38): error TS1005: ',' expected.
node_modules/@types/node/http.d.ts(283,48): error TS1005: ',' expected.
node_modules/@types/node/http.d.ts(290,40): error TS1005: ',' expected.
node_modules/@types/node/http.d.ts(296,51): error TS1005: ',' expected.
node_modules/@types/node/http.d.ts(301,50): error TS1005: '(' expected.
node_modules/@types/node/http.d.ts(301,61): error TS1005: ')' expected.
node_modules/@types/node/http.d.ts(312,90): error TS1005: ',' expected.
node_modules/@types/node/http.d.ts(318,58): error TS1005: ',' expected.
node_modules/@types/node/http.d.ts(327,52): error TS1005: ',' expected.
node_modules/@types/node/http.d.ts(331,47): error TS1005: ',' expected.
node_modules/@types/node/http.d.ts(331,60): error TS1005: ',' expected.
node_modules/@types/node/http.d.ts(331,69): error TS1005: '(' expected.
node_modules/@types/node/http.d.ts(331,71): error TS1109: Expression expected.
node_modules/@types/node/http.d.ts(332,5): error TS1109: Expression expected.
node_modules/@types/node/http.d.ts(332,7): error TS1109: Expression expected.
node_modules/@types/node/http.d.ts(332,116): error TS1109: Expression expected.
node_modules/@types/node/http.d.ts(335,47): error TS1005: ',' expected.
node_modules/@types/node/http.d.ts(335,71): error TS1109: Expression expected.
node_modules/@types/node/http.d.ts(336,5): error TS1109: Expression expected.
node_modules/@types/node/http.d.ts(336,7): error TS1109: Expression expected.
node_modules/@types/node/http.d.ts(336,34): error TS1005: ';' expected.
node_modules/@types/node/http.d.ts(337,24): error TS1005: ';' expected.
node_modules/@types/node/http.d.ts(337,72): error TS1005: '(' expected.
node_modules/@types/node/http.d.ts(338,27): error TS1005: ';' expected.
node_modules/@types/node/http.d.ts(338,75): error TS1005: '(' expected.
node_modules/@types/node/http.d.ts(339,22): error TS1005: ';' expected.
node_modules/@types/node/http.d.ts(339,34): error TS1005: ',' expected.
node_modules/@types/node/http.d.ts(339,49): error TS1005: ',' expected.
node_modules/@types/node/http.d.ts(340,18): error TS1005: ';' expected.
node_modules/@types/node/http.d.ts(340,28): error TS1005: ',' expected.
node_modules/@types/node/http.d.ts(340,51): error TS1109: Expression expected.
node_modules/@types/node/http.d.ts(340,59): error TS1005: ',' expected.
node_modules/@types/node/http.d.ts(340,80): error TS1005: ',' expected.
node_modules/@types/node/http.d.ts(341,21): error TS1005: ';' expected.
node_modules/@types/node/http.d.ts(341,30): error TS1005: ',' expected.
node_modules/@types/node/http.d.ts(342,22): error TS1005: ';' expected.
node_modules/@types/node/http.d.ts(342,32): error TS1005: ',' expected.
node_modules/@types/node/http.d.ts(342,55): error TS1109: Expression expected.
node_modules/@types/node/http.d.ts(342,63): error TS1005: ',' expected.
node_modules/@types/node/http.d.ts(343,18): error TS1005: ';' expected.
node_modules/@types/node/http.d.ts(343,66): error TS1005: '(' expected.
node_modules/@types/node/http.d.ts(344,18): error TS1005: ';' expected.
node_modules/@types/node/http.d.ts(344,24): error TS1005: ',' expected.
node_modules/@types/node/http.d.ts(344,47): error TS1109: Expression expected.
node_modules/@types/node/http.d.ts(344,55): error TS1005: ',' expected.
node_modules/@types/node/http.d.ts(344,76): error TS1005: ',' expected.
node_modules/@types/node/http.d.ts(351,47): error TS1005: ',' expected.
node_modules/@types/node/http.d.ts(351,71): error TS1109: Expression expected.
node_modules/@types/node/http.d.ts(352,5): error TS1109: Expression expected.
node_modules/@types/node/http.d.ts(352,7): error TS1109: Expression expected.
node_modules/@types/node/http.d.ts(352,26): error TS1005: ';' expected.
node_modules/@types/node/http.d.ts(353,37): error TS1109: Expression expected.
node_modules/@types/node/http.d.ts(353,73): error TS1005: '(' expected.
node_modules/@types/node/http.d.ts(353,74): error TS1005: ')' expected.
node_modules/@types/node/http.d.ts(354,28): error TS1005: ',' expected.
node_modules/@types/node/http.d.ts(354,62): error TS1109: Expression expected.
node_modules/@types/node/http.d.ts(354,80): error TS1109: Expression expected.
node_modules/@types/node/http.d.ts(354,116): error TS1005: '(' expected.
node_modules/@types/node/http.d.ts(354,117): error TS1005: ')' expected.
node_modules/@types/node/http.d.ts(369,26): error TS1109: Expression expected.
node_modules/@types/node/http.d.ts(369,45): error TS1109: Expression expected.
node_modules/@types/node/http.d.ts(369,75): error TS1109: Expression expected.
node_modules/@types/node/http.d.ts(369,76): error TS1005: ';' expected.
node_modules/@types/node/http.d.ts(370,28): error TS1005: ',' expected.
node_modules/@types/node/http.d.ts(370,58): error TS1109: Expression expected.
node_modules/@types/node/http.d.ts(370,59): error TS1005: ';' expected.
node_modules/@types/node/http.d.ts(463,30): error TS1005: ';' expected.
node_modules/@types/node/http.d.ts(463,36): error TS1109: Expression expected.
node_modules/@types/node/http.d.ts(469,31): error TS1005: ';' expected.
node_modules/@types/node/http.d.ts(469,37): error TS1109: Expression expected.
node_modules/@types/node/http.d.ts(471,51): error TS1005: '?' expected.
node_modules/@types/node/http.d.ts(472,22): error TS1005: ',' expected.
node_modules/@types/node/http.d.ts(473,21): error TS1005: ',' expected.
node_modules/@types/node/http.d.ts(473,78): error TS1109: Expression expected.
node_modules/@types/node/http.d.ts(474,10): error TS1005: ';' expected.
node_modules/@types/node/http.d.ts(475,30): error TS1005: ',' expected.
node_modules/@types/node/http.d.ts(475,57): error TS1005: ',' expected.
node_modules/@types/node/http.d.ts(475,83): error TS1109: Expression expected.
node_modules/@types/node/http.d.ts(475,84): error TS1005: ';' expected.
node_modules/@types/node/http.d.ts(476,44): error TS1005: '?' expected.
node_modules/@types/node/http.d.ts(476,55): error TS1005: ',' expected.
node_modules/@types/node/http.d.ts(476,67): error TS1005: ',' expected.
node_modules/@types/node/http.d.ts(476,106): error TS1005: ';' expected.
node_modules/@types/node/http.d.ts(477,23): error TS1005: ',' expected.
node_modules/@types/node/http.d.ts(477,49): error TS1005: ',' expected.
node_modules/@types/node/http.d.ts(477,55): error TS1011: An element access expression should take an argument.
node_modules/@types/node/http.d.ts(477,57): error TS1005: ';' expected.
node_modules/@types/node/http.d.ts(478,53): error TS1005: '?' expected.
node_modules/@types/node/http.d.ts(479,22): error TS1005: ',' expected.
node_modules/@types/node/http.d.ts(480,22): error TS1109: Expression expected.
node_modules/@types/node/http.d.ts(480,79): error TS1109: Expression expected.
node_modules/@types/node/http.d.ts(481,10): error TS1005: ';' expected.
node_modules/@types/node/http.d.ts(482,32): error TS1005: ',' expected.
node_modules/@types/node/http.d.ts(482,60): error TS1109: Expression expected.
node_modules/@types/node/http.d.ts(482,86): error TS1109: Expression expected.
node_modules/@types/node/http.d.ts(482,87): error TS1005: ';' expected.
node_modules/@types/node/http.d.ts(483,49): error TS1005: '?' expected.
node_modules/@types/node/http.d.ts(484,22): error TS1005: ',' expected.
node_modules/@types/node/http.d.ts(485,10): error TS1005: ';' expected.
node_modules/@types/node/http.d.ts(485,68): error TS1109: Expression expected.
node_modules/@types/node/http.d.ts(485,70): error TS1011: An element access expression should take an argument.
node_modules/@types/node/http.d.ts(486,28): error TS1005: ',' expected.
node_modules/@types/node/http.d.ts(486,46): error TS1005: ';' expected.
node_modules/@types/node/http.d.ts(486,73): error TS1109: Expression expected.
node_modules/@types/node/http.d.ts(486,75): error TS1011: An element access expression should take an argument.
node_modules/@types/node/http.d.ts(487,43): error TS1005: '?' expected.
node_modules/@types/node/http.d.ts(488,22): error TS1005: ',' expected.
node_modules/@types/node/http.d.ts(489,21): error TS1005: ',' expected.
node_modules/@types/node/http.d.ts(489,78): error TS1109: Expression expected.
node_modules/@types/node/http.d.ts(490,10): error TS1005: ';' expected.
node_modules/@types/node/http.d.ts(491,22): error TS1005: ',' expected.
node_modules/@types/node/http.d.ts(491,49): error TS1005: ',' expected.
node_modules/@types/node/http.d.ts(491,75): error TS1109: Expression expected.
node_modules/@types/node/http.d.ts(491,76): error TS1005: ';' expected.
node_modules/@types/node/http.d.ts(492,42): error TS1005: '?' expected.
node_modules/@types/node/http.d.ts(493,22): error TS1005: ',' expected.
node_modules/@types/node/http.d.ts(494,21): error TS1005: ',' expected.
node_modules/@types/node/http.d.ts(494,78): error TS1109: Expression expected.
node_modules/@types/node/http.d.ts(495,10): error TS1005: ';' expected.
node_modules/@types/node/http.d.ts(496,21): error TS1005: ',' expected.
node_modules/@types/node/http.d.ts(496,48): error TS1005: ',' expected.
node_modules/@types/node/http.d.ts(496,74): error TS1109: Expression expected.
node_modules/@types/node/http.d.ts(496,75): error TS1005: ';' expected.
node_modules/@types/node/http.d.ts(497,44): error TS1005: '?' expected.
node_modules/@types/node/http.d.ts(498,22): error TS1005: ',' expected.
node_modules/@types/node/http.d.ts(499,21): error TS1005: ',' expected.
node_modules/@types/node/http.d.ts(499,78): error TS1109: Expression expected.
node_modules/@types/node/http.d.ts(500,10): error TS1005: ';' expected.
node_modules/@types/node/http.d.ts(501,23): error TS1005: ',' expected.
node_modules/@types/node/http.d.ts(501,50): error TS1005: ',' expected.
node_modules/@types/node/http.d.ts(501,76): error TS1109: Expression expected.
node_modules/@types/node/http.d.ts(501,77): error TS1005: ';' expected.
node_modules/@types/node/http.d.ts(502,55): error TS1005: '?' expected.
node_modules/@types/node/http.d.ts(503,22): error TS1005: ',' expected.
node_modules/@types/node/http.d.ts(504,21): error TS1005: ',' expected.
node_modules/@types/node/http.d.ts(504,78): error TS1109: Expression expected.
node_modules/@types/node/http.d.ts(505,10): error TS1005: ';' expected.
node_modules/@types/node/http.d.ts(506,34): error TS1005: ',' expected.
node_modules/@types/node/http.d.ts(506,61): error TS1005: ',' expected.
node_modules/@types/node/http.d.ts(506,87): error TS1109: Expression expected.
node_modules/@types/node/http.d.ts(506,88): error TS1005: ';' expected.
node_modules/@types/node/http.d.ts(507,59): error TS1005: '?' expected.
node_modules/@types/node/http.d.ts(508,22): error TS1005: ',' expected.
node_modules/@types/node/http.d.ts(509,21): error TS1005: ',' expected.
node_modules/@types/node/http.d.ts(509,78): error TS1109: Expression expected.
node_modules/@types/node/http.d.ts(510,10): error TS1005: ';' expected.
node_modules/@types/node/http.d.ts(511,38): error TS1005: ',' expected.
node_modules/@types/node/http.d.ts(511,65): error TS1005: ',' expected.
node_modules/@types/node/http.d.ts(511,91): error TS1109: Expression expected.
node_modules/@types/node/http.d.ts(511,92): error TS1005: ';' expected.
node_modules/@types/node/http.d.ts(512,52): error TS1005: '?' expected.
node_modules/@types/node/http.d.ts(513,22): error TS1005: ',' expected.
node_modules/@types/node/http.d.ts(514,10): error TS1005: ';' expected.
node_modules/@types/node/http.d.ts(514,68): error TS1109: Expression expected.
node_modules/@types/node/http.d.ts(514,70): error TS1011: An element access expression should take an argument.
node_modules/@types/node/http.d.ts(515,31): error TS1005: ',' expected.
node_modules/@types/node/http.d.ts(515,49): error TS1005: ';' expected.
node_modules/@types/node/http.d.ts(515,76): error TS1109: Expression expected.
node_modules/@types/node/http.d.ts(515,78): error TS1011: An element access expression should take an argument.
node_modules/@types/node/http.d.ts(517,58): error TS1005: '?' expected.
node_modules/@types/node/http.d.ts(517,70): error TS1109: Expression expected.
node_modules/@types/node/http.d.ts(517,74): error TS1005: ';' expected.
node_modules/@types/node/http.d.ts(518,38): error TS1109: Expression expected.
node_modules/@types/node/http.d.ts(518,56): error TS1005: ';' expected.
node_modules/@types/node/http.d.ts(519,54): error TS1005: '?' expected.
node_modules/@types/node/http.d.ts(520,22): error TS1005: ',' expected.
node_modules/@types/node/http.d.ts(521,21): error TS1005: ',' expected.
node_modules/@types/node/http.d.ts(521,78): error TS1109: Expression expected.
node_modules/@types/node/http.d.ts(522,10): error TS1005: ';' expected.
node_modules/@types/node/http.d.ts(523,33): error TS1005: ',' expected.
node_modules/@types/node/http.d.ts(523,60): error TS1005: ',' expected.
node_modules/@types/node/http.d.ts(523,86): error TS1109: Expression expected.
node_modules/@types/node/http.d.ts(523,87): error TS1005: ';' expected.
node_modules/@types/node/http.d.ts(1761,47): error TS1005: ',' expected.
node_modules/@types/node/http.d.ts(1761,71): error TS1109: Expression expected.
node_modules/@types/node/http.d.ts(1762,5): error TS1109: Expression expected.
node_modules/@types/node/http.d.ts(1762,23): error TS1109: Expression expected.
node_modules/@types/node/http.d.ts(1762,59): error TS1005: '(' expected.
node_modules/@types/node/http.d.ts(1762,60): error TS1005: ')' expected.
node_modules/@types/node/http.d.ts(1762,87): error TS1005: '(' expected.
node_modules/@types/node/http.d.ts(1765,47): error TS1005: ',' expected.
node_modules/@types/node/http.d.ts(1765,71): error TS1109: Expression expected.
node_modules/@types/node/http.d.ts(1766,5): error TS1109: Expression expected.
node_modules/@types/node/http.d.ts(1767,16): error TS1005: ')' expected.
node_modules/@types/node/http.d.ts(1767,50): error TS1109: Expression expected.
node_modules/@types/node/http.d.ts(1768,25): error TS1109: Expression expected.
node_modules/@types/node/http.d.ts(1768,61): error TS1109: Expression expected.
node_modules/@types/node/http.d.ts(1769,5): error TS1109: Expression expected.
node_modules/@types/node/http.d.ts(1769,6): error TS1128: Declaration or statement expected.
node_modules/@types/node/http.d.ts(1769,33): error TS1005: '(' expected.
node_modules/@types/node/http2.d.ts(946,52): error TS1005: ',' expected.
node_modules/@types/node/http2.d.ts(946,81): error TS1109: Expression expected.
node_modules/@types/node/http2.d.ts(947,22): error TS1005: ';' expected.
node_modules/@types/node/http2.d.ts(947,56): error TS1005: ';' expected.
node_modules/@types/node/http2.d.ts(948,23): error TS1005: ';' expected.
node_modules/@types/node/http2.d.ts(948,86): error TS1109: Expression expected.
node_modules/@types/node/http2.d.ts(949,5): error TS1109: Expression expected.
node_modules/@types/node/http2.d.ts(949,7): error TS1109: Expression expected.
node_modules/@types/node/http2.d.ts(949,15): error TS1434: Unexpected keyword or identifier.
node_modules/@types/node/http2.d.ts(950,18): error TS1005: ';' expected.
node_modules/@types/node/http2.d.ts(951,20): error TS1005: ',' expected.
node_modules/@types/node/http2.d.ts(951,98): error TS1109: Expression expected.
node_modules/@types/node/http2.d.ts(952,19): error TS1005: ',' expected.
node_modules/@types/node/http2.d.ts(954,17): error TS1005: ';' expected.
node_modules/@types/node/http2.d.ts(954,26): error TS1005: ',' expected.
node_modules/@types/node/http2.d.ts(954,54): error TS1005: ',' expected.
node_modules/@types/node/http2.d.ts(954,82): error TS1005: ',' expected.
node_modules/@types/node/http2.d.ts(954,102): error TS1005: ',' expected.
node_modules/@types/node/http2.d.ts(954,111): error TS1011: An element access expression should take an argument.
node_modules/@types/node/http2.d.ts(958,52): error TS1005: ',' expected.
node_modules/@types/node/http2.d.ts(958,81): error TS1109: Expression expected.
node_modules/@types/node/http2.d.ts(959,22): error TS1005: ';' expected.
node_modules/@types/node/http2.d.ts(959,56): error TS1005: ';' expected.
node_modules/@types/node/http2.d.ts(960,23): error TS1005: ';' expected.
node_modules/@types/node/http2.d.ts(960,86): error TS1109: Expression expected.
node_modules/@types/node/http2.d.ts(961,5): error TS1109: Expression expected.
node_modules/@types/node/http2.d.ts(961,7): error TS1109: Expression expected.
node_modules/@types/node/http2.d.ts(961,15): error TS1434: Unexpected keyword or identifier.
node_modules/@types/node/http2.d.ts(962,9): error TS1128: Declaration or statement expected.
node_modules/@types/node/http2.d.ts(963,13): error TS1109: Expression expected.
node_modules/@types/node/http2.d.ts(964,13): error TS1005: '(' expected.
node_modules/@types/node/http2.d.ts(964,90): error TS1005: '(' expected.
node_modules/@types/node/http2.d.ts(1003,19): error TS1005: ',' expected.
node_modules/@types/node/http2.d.ts(1003,43): error TS1005: ',' expected.
node_modules/@types/node/http2.d.ts(1003,99): error TS1005: ';' expected.
node_modules/@types/node/http2.d.ts(1003,105): error TS1109: Expression expected.
node_modules/@types/node/http2.d.ts(1049,23): error TS1005: ',' expected.
node_modules/@types/node/http2.d.ts(1056,9): error TS1005: '(' expected.
node_modules/@types/node/http2.d.ts(1056,10): error TS1005: ',' expected.
node_modules/@types/node/http2.d.ts(1056,16): error TS1109: Expression expected.
node_modules/@types/node/http2.d.ts(1058,63): error TS1005: '?' expected.
node_modules/@types/node/http2.d.ts(1059,22): error TS1005: ',' expected.
node_modules/@types/node/http2.d.ts(1060,21): error TS1005: ',' expected.
node_modules/@types/node/http2.d.ts(1062,22): error TS1109: Expression expected.
node_modules/@types/node/http2.d.ts(1063,10): error TS1005: ';' expected.
node_modules/@types/node/http2.d.ts(1064,30): error TS1005: ',' expected.
node_modules/@types/node/http2.d.ts(1064,57): error TS1005: ',' expected.
node_modules/@types/node/http2.d.ts(1064,83): error TS1109: Expression expected.
node_modules/@types/node/http2.d.ts(1064,84): error TS1005: ';' expected.
node_modules/@types/node/http2.d.ts(1065,56): error TS1005: '?' expected.
node_modules/@types/node/http2.d.ts(1066,22): error TS1005: ',' expected.
node_modules/@types/node/http2.d.ts(1067,20): error TS1005: ',' expected.
node_modules/@types/node/http2.d.ts(1068,10): error TS1005: ';' expected.
node_modules/@types/node/http2.d.ts(1069,23): error TS1005: ',' expected.
node_modules/@types/node/http2.d.ts(1069,49): error TS1005: ',' expected.
node_modules/@types/node/http2.d.ts(1069,55): error TS1011: An element access expression should take an argument.
node_modules/@types/node/http2.d.ts(1069,57): error TS1005: ';' expected.
node_modules/@types/node/http2.d.ts(1070,65): error TS1005: '?' expected.
node_modules/@types/node/http2.d.ts(1071,22): error TS1005: ',' expected.
node_modules/@types/node/http2.d.ts(1072,22): error TS1109: Expression expected.
node_modules/@types/node/http2.d.ts(1074,22): error TS1109: Expression expected.
node_modules/@types/node/http2.d.ts(1075,10): error TS1005: ';' expected.
node_modules/@types/node/http2.d.ts(1076,32): error TS1005: ',' expected.
node_modules/@types/node/http2.d.ts(1076,60): error TS1109: Expression expected.
node_modules/@types/node/http2.d.ts(1076,86): error TS1109: Expression expected.
node_modules/@types/node/http2.d.ts(1076,87): error TS1005: ';' expected.
node_modules/@types/node/http2.d.ts(1077,61): error TS1005: '?' expected.
node_modules/@types/node/http2.d.ts(1078,22): error TS1005: ',' expected.
node_modules/@types/node/http2.d.ts(1079,10): error TS1005: ';' expected.
node_modules/@types/node/http2.d.ts(1081,18): error TS1109: Expression expected.
node_modules/@types/node/http2.d.ts(1081,20): error TS1011: An element access expression should take an argument.
node_modules/@types/node/http2.d.ts(1082,28): error TS1005: ',' expected.
node_modules/@types/node/http2.d.ts(1082,46): error TS1005: ';' expected.
node_modules/@types/node/http2.d.ts(1082,73): error TS1109: Expression expected.
node_modules/@types/node/http2.d.ts(1082,75): error TS1011: An element access expression should take an argument.
node_modules/@types/node/http2.d.ts(1083,55): error TS1005: '?' expected.
node_modules/@types/node/http2.d.ts(1084,22): error TS1005: ',' expected.
node_modules/@types/node/http2.d.ts(1085,21): error TS1005: ',' expected.
node_modules/@types/node/http2.d.ts(1087,22): error TS1109: Expression expected.
node_modules/@types/node/http2.d.ts(1088,10): error TS1005: ';' expected.
node_modules/@types/node/http2.d.ts(1089,22): error TS1005: ',' expected.
node_modules/@types/node/http2.d.ts(1089,49): error TS1005: ',' expected.
node_modules/@types/node/http2.d.ts(1089,75): error TS1109: Expression expected.
node_modules/@types/node/http2.d.ts(1089,76): error TS1005: ';' expected.
node_modules/@types/node/http2.d.ts(1090,54): error TS1005: '?' expected.
node_modules/@types/node/http2.d.ts(1091,22): error TS1005: ',' expected.
node_modules/@types/node/http2.d.ts(1092,21): error TS1005: ',' expected.
node_modules/@types/node/http2.d.ts(1094,22): error TS1109: Expression expected.
node_modules/@types/node/http2.d.ts(1095,10): error TS1005: ';' expected.
node_modules/@types/node/http2.d.ts(1096,21): error TS1005: ',' expected.
node_modules/@types/node/http2.d.ts(1096,48): error TS1005: ',' expected.
node_modules/@types/node/http2.d.ts(1096,74): error TS1109: Expression expected.
node_modules/@types/node/http2.d.ts(1096,75): error TS1005: ';' expected.
node_modules/@types/node/http2.d.ts(1097,56): error TS1005: '?' expected.
node_modules/@types/node/http2.d.ts(1098,22): error TS1005: ',' expected.
node_modules/@types/node/http2.d.ts(1099,21): error TS1005: ',' expected.
node_modules/@types/node/http2.d.ts(1101,22): error TS1109: Expression expected.
node_modules/@types/node/http2.d.ts(1102,10): error TS1005: ';' expected.
node_modules/@types/node/http2.d.ts(1103,23): error TS1005: ',' expected.
node_modules/@types/node/http2.d.ts(1103,50): error TS1005: ',' expected.
node_modules/@types/node/http2.d.ts(1103,76): error TS1109: Expression expected.
node_modules/@types/node/http2.d.ts(1103,77): error TS1005: ';' expected.
node_modules/@types/node/http2.d.ts(1104,67): error TS1005: '?' expected.
node_modules/@types/node/http2.d.ts(1105,22): error TS1005: ',' expected.
node_modules/@types/node/http2.d.ts(1106,21): error TS1005: ',' expected.
node_modules/@types/node/http2.d.ts(1108,22): error TS1109: Expression expected.
node_modules/@types/node/http2.d.ts(1109,10): error TS1005: ';' expected.
node_modules/@types/node/http2.d.ts(1110,34): error TS1005: ',' expected.
node_modules/@types/node/http2.d.ts(1110,61): error TS1005: ',' expected.
node_modules/@types/node/http2.d.ts(1110,87): error TS1109: Expression expected.
node_modules/@types/node/http2.d.ts(1110,88): error TS1005: ';' expected.
node_modules/@types/node/http2.d.ts(1111,71): error TS1005: '?' expected.
node_modules/@types/node/http2.d.ts(1112,22): error TS1005: ',' expected.
node_modules/@types/node/http2.d.ts(1113,21): error TS1005: ',' expected.
node_modules/@types/node/http2.d.ts(1115,22): error TS1109: Expression expected.
node_modules/@types/node/http2.d.ts(1116,10): error TS1005: ';' expected.
node_modules/@types/node/http2.d.ts(1117,38): error TS1005: ',' expected.
node_modules/@types/node/http2.d.ts(1117,65): error TS1005: ',' expected.
node_modules/@types/node/http2.d.ts(1117,91): error TS1109: Expression expected.
node_modules/@types/node/http2.d.ts(1117,92): error TS1005: ';' expected.
node_modules/@types/node/http2.d.ts(1118,64): error TS1005: '?' expected.
node_modules/@types/node/http2.d.ts(1119,22): error TS1005: ',' expected.
node_modules/@types/node/http2.d.ts(1120,10): error TS1005: ';' expected.
node_modules/@types/node/http2.d.ts(1122,18): error TS1109: Expression expected.
node_modules/@types/node/http2.d.ts(1122,20): error TS1011: An element access expression should take an argument.
node_modules/@types/node/http2.d.ts(1123,31): error TS1005: ',' expected.
node_modules/@types/node/http2.d.ts(1123,49): error TS1005: ';' expected.
node_modules/@types/node/http2.d.ts(1123,76): error TS1109: Expression expected.
node_modules/@types/node/http2.d.ts(1123,78): error TS1011: An element access expression should take an argument.
node_modules/@types/node/http2.d.ts(1125,70): error TS1005: '?' expected.
node_modules/@types/node/http2.d.ts(1125,82): error TS1109: Expression expected.
node_modules/@types/node/http2.d.ts(1125,86): error TS1005: ';' expected.
node_modules/@types/node/http2.d.ts(1126,38): error TS1109: Expression expected.
node_modules/@types/node/http2.d.ts(1126,56): error TS1005: ';' expected.
node_modules/@types/node/http2.d.ts(1127,66): error TS1005: '?' expected.
node_modules/@types/node/http2.d.ts(1128,22): error TS1005: ',' expected.
node_modules/@types/node/http2.d.ts(1129,21): error TS1005: ',' expected.
node_modules/@types/node/http2.d.ts(1131,22): error TS1109: Expression expected.
node_modules/@types/node/http2.d.ts(1132,10): error TS1005: ';' expected.
node_modules/@types/node/http2.d.ts(1133,33): error TS1005: ',' expected.
node_modules/@types/node/http2.d.ts(1133,60): error TS1005: ',' expected.
node_modules/@types/node/http2.d.ts(1133,86): error TS1109: Expression expected.
node_modules/@types/node/http2.d.ts(1133,87): error TS1005: ';' expected.
node_modules/@types/node/http2.d.ts(1239,52): error TS1005: ',' expected.
node_modules/@types/node/http2.d.ts(1239,81): error TS1109: Expression expected.
node_modules/@types/node/http2.d.ts(1240,22): error TS1005: ';' expected.
node_modules/@types/node/http2.d.ts(1240,56): error TS1005: ';' expected.
node_modules/@types/node/http2.d.ts(1241,23): error TS1005: ';' expected.
node_modules/@types/node/http2.d.ts(1241,86): error TS1109: Expression expected.
node_modules/@types/node/http2.d.ts(1242,5): error TS1109: Expression expected.
node_modules/@types/node/http2.d.ts(1242,7): error TS1109: Expression expected.
node_modules/@types/node/http2.d.ts(1242,15): error TS1434: Unexpected keyword or identifier.
node_modules/@types/node/http2.d.ts(1243,26): error TS1109: Expression expected.
node_modules/@types/node/http2.d.ts(1244,25): error TS1109: Expression expected.
node_modules/@types/node/http2.d.ts(1245,30): error TS1109: Expression expected.
node_modules/@types/node/http2.d.ts(1246,29): error TS1109: Expression expected.
node_modules/@types/node/http2.d.ts(1247,28): error TS1109: Expression expected.
node_modules/@types/node/http2.d.ts(1248,29): error TS1109: Expression expected.
node_modules/@types/node/http2.d.ts(1253,52): error TS1005: ',' expected.
node_modules/@types/node/http2.d.ts(1253,81): error TS1109: Expression expected.
node_modules/@types/node/http2.d.ts(1254,22): error TS1005: ';' expected.
node_modules/@types/node/http2.d.ts(1254,56): error TS1005: ';' expected.
node_modules/@types/node/http2.d.ts(1255,23): error TS1005: ';' expected.
node_modules/@types/node/http2.d.ts(1255,86): error TS1109: Expression expected.
node_modules/@types/node/http2.d.ts(1256,5): error TS1109: Expression expected.
node_modules/@types/node/http2.d.ts(1256,7): error TS1109: Expression expected.
node_modules/@types/node/http2.d.ts(1256,93): error TS1109: Expression expected.
node_modules/@types/node/http2.d.ts(1256,110): error TS1005: ';' expected.
node_modules/@types/node/http2.d.ts(1259,52): error TS1005: ',' expected.
node_modules/@types/node/http2.d.ts(1259,81): error TS1109: Expression expected.
node_modules/@types/node/http2.d.ts(1260,22): error TS1005: ';' expected.
node_modules/@types/node/http2.d.ts(1260,56): error TS1005: ';' expected.
node_modules/@types/node/http2.d.ts(1261,23): error TS1005: ';' expected.
node_modules/@types/node/http2.d.ts(1261,86): error TS1109: Expression expected.
node_modules/@types/node/http2.d.ts(1262,5): error TS1109: Expression expected.
node_modules/@types/node/http2.d.ts(1262,7): error TS1109: Expression expected.
node_modules/@types/node/http2.d.ts(1265,52): error TS1005: ',' expected.
node_modules/@types/node/http2.d.ts(1265,81): error TS1109: Expression expected.
node_modules/@types/node/http2.d.ts(1266,22): error TS1005: ';' expected.
node_modules/@types/node/http2.d.ts(1266,56): error TS1005: ';' expected.
node_modules/@types/node/http2.d.ts(1267,23): error TS1005: ';' expected.
node_modules/@types/node/http2.d.ts(1267,86): error TS1109: Expression expected.
node_modules/@types/node/http2.d.ts(1268,5): error TS1109: Expression expected.
node_modules/@types/node/http2.d.ts(1268,7): error TS1109: Expression expected.
node_modules/@types/node/http2.d.ts(1269,41): error TS1005: ',' expected.
node_modules/@types/node/http2.d.ts(1270,26): error TS1011: An element access expression should take an argument.
node_modules/@types/node/http2.d.ts(1270,39): error TS1005: ',' expected.
node_modules/@types/node/http2.d.ts(1282,52): error TS1005: ',' expected.
node_modules/@types/node/http2.d.ts(1282,81): error TS1109: Expression expected.
node_modules/@types/node/http2.d.ts(1283,22): error TS1005: ';' expected.
node_modules/@types/node/http2.d.ts(1283,56): error TS1005: ';' expected.
node_modules/@types/node/http2.d.ts(1284,23): error TS1005: ';' expected.
node_modules/@types/node/http2.d.ts(1284,86): error TS1109: Expression expected.
node_modules/@types/node/http2.d.ts(1285,5): error TS1109: Expression expected.
node_modules/@types/node/http2.d.ts(1285,7): error TS1109: Expression expected.
node_modules/@types/node/http2.d.ts(1286,34): error TS1005: ',' expected.
node_modules/@types/node/http2.d.ts(1286,62): error TS1109: Expression expected.
node_modules/@types/node/http2.d.ts(1286,72): error TS1005: ',' expected.
node_modules/@types/node/http2.d.ts(1286,101): error TS1005: '(' expected.
node_modules/@types/node/http2.d.ts(1286,102): error TS1005: ',' expected.
node_modules/@types/node/http2.d.ts(1287,28): error TS1005: ',' expected.
node_modules/@types/node/http2.d.ts(1287,56): error TS1109: Expression expected.
node_modules/@types/node/http2.d.ts(1287,66): error TS1005: ',' expected.
node_modules/@types/node/http2.d.ts(1287,95): error TS1005: '(' expected.
node_modules/@types/node/http2.d.ts(1287,96): error TS1005: ',' expected.
node_modules/@types/node/http2.d.ts(1288,28): error TS1005: ',' expected.
node_modules/@types/node/http2.d.ts(1288,106): error TS1005: '(' expected.
node_modules/@types/node/http2.d.ts(1288,107): error TS1005: ',' expected.
node_modules/@types/node/http2.d.ts(1289,29): error TS1005: ',' expected.
node_modules/@types/node/http2.d.ts(1289,37): error TS1005: ',' expected.
node_modules/@types/node/http2.d.ts(1293,52): error TS1005: ',' expected.
node_modules/@types/node/http2.d.ts(1293,81): error TS1109: Expression expected.
node_modules/@types/node/http2.d.ts(1294,22): error TS1005: ';' expected.
node_modules/@types/node/http2.d.ts(1294,56): error TS1005: ';' expected.
node_modules/@types/node/http2.d.ts(1295,23): error TS1005: ';' expected.
node_modules/@types/node/http2.d.ts(1295,86): error TS1109: Expression expected.
node_modules/@types/node/http2.d.ts(1296,5): error TS1109: Expression expected.
node_modules/@types/node/http2.d.ts(1296,7): error TS1109: Expression expected.
node_modules/@types/node/http2.d.ts(1296,45): error TS1005: ';' expected.
node_modules/@types/node/http2.d.ts(1298,56): error TS1005: '?' expected.
node_modules/@types/node/http2.d.ts(1299,22): error TS1005: ',' expected.
node_modules/@types/node/http2.d.ts(1300,21): error TS1005: ',' expected.
node_modules/@types/node/http2.d.ts(1302,22): error TS1109: Expression expected.
node_modules/@types/node/http2.d.ts(1303,10): error TS1005: ';' expected.
node_modules/@types/node/http2.d.ts(1304,30): error TS1005: ',' expected.
node_modules/@types/node/http2.d.ts(1304,57): error TS1005: ',' expected.
node_modules/@types/node/http2.d.ts(1304,83): error TS1109: Expression expected.
node_modules/@types/node/http2.d.ts(1304,84): error TS1005: ';' expected.
node_modules/@types/node/http2.d.ts(1305,49): error TS1005: '?' expected.
node_modules/@types/node/http2.d.ts(1306,22): error TS1005: ',' expected.
node_modules/@types/node/http2.d.ts(1307,20): error TS1005: ',' expected.
node_modules/@types/node/http2.d.ts(1308,10): error TS1005: ';' expected.
node_modules/@types/node/http2.d.ts(1309,23): error TS1005: ',' expected.
node_modules/@types/node/http2.d.ts(1309,49): error TS1005: ',' expected.
node_modules/@types/node/http2.d.ts(1309,55): error TS1011: An element access expression should take an argument.
node_modules/@types/node/http2.d.ts(1309,57): error TS1005: ';' expected.
node_modules/@types/node/http2.d.ts(1310,58): error TS1005: '?' expected.
node_modules/@types/node/http2.d.ts(1311,22): error TS1005: ',' expected.
node_modules/@types/node/http2.d.ts(1312,22): error TS1109: Expression expected.
node_modules/@types/node/http2.d.ts(1314,22): error TS1109: Expression expected.
node_modules/@types/node/http2.d.ts(1315,10): error TS1005: ';' expected.
node_modules/@types/node/http2.d.ts(1316,32): error TS1005: ',' expected.
node_modules/@types/node/http2.d.ts(1316,60): error TS1109: Expression expected.
node_modules/@types/node/http2.d.ts(1316,86): error TS1109: Expression expected.
node_modules/@types/node/http2.d.ts(1316,87): error TS1005: ';' expected.
node_modules/@types/node/http2.d.ts(1317,54): error TS1005: '?' expected.
node_modules/@types/node/http2.d.ts(1318,22): error TS1005: ',' expected.
node_modules/@types/node/http2.d.ts(1319,10): error TS1005: ';' expected.
node_modules/@types/node/http2.d.ts(1319,112): error TS1109: Expression expected.
node_modules/@types/node/http2.d.ts(1319,114): error TS1011: An element access expression should take an argument.
node_modules/@types/node/http2.d.ts(1320,28): error TS1005: ',' expected.
node_modules/@types/node/http2.d.ts(1320,46): error TS1005: ';' expected.
node_modules/@types/node/http2.d.ts(1320,73): error TS1109: Expression expected.
node_modules/@types/node/http2.d.ts(1320,75): error TS1011: An element access expression should take an argument.
node_modules/@types/node/http2.d.ts(1321,48): error TS1005: '?' expected.
node_modules/@types/node/http2.d.ts(1322,22): error TS1005: ',' expected.
node_modules/@types/node/http2.d.ts(1323,21): error TS1005: ',' expected.
node_modules/@types/node/http2.d.ts(1325,22): error TS1109: Expression expected.
node_modules/@types/node/http2.d.ts(1326,10): error TS1005: ';' expected.
node_modules/@types/node/http2.d.ts(1327,22): error TS1005: ',' expected.
node_modules/@types/node/http2.d.ts(1327,49): error TS1005: ',' expected.
node_modules/@types/node/http2.d.ts(1327,75): error TS1109: Expression expected.
node_modules/@types/node/http2.d.ts(1327,76): error TS1005: ';' expected.
node_modules/@types/node/http2.d.ts(1328,47): error TS1005: '?' expected.
node_modules/@types/node/http2.d.ts(1329,22): error TS1005: ',' expected.
node_modules/@types/node/http2.d.ts(1330,21): error TS1005: ',' expected.
node_modules/@types/node/http2.d.ts(1332,22): error TS1109: Expression expected.
node_modules/@types/node/http2.d.ts(1333,10): error TS1005: ';' expected.
node_modules/@types/node/http2.d.ts(1334,21): error TS1005: ',' expected.
node_modules/@types/node/http2.d.ts(1334,48): error TS1005: ',' expected.
node_modules/@types/node/http2.d.ts(1334,74): error TS1109: Expression expected.
node_modules/@types/node/http2.d.ts(1334,75): error TS1005: ';' expected.
node_modules/@types/node/http2.d.ts(1335,49): error TS1005: '?' expected.
node_modules/@types/node/http2.d.ts(1336,22): error TS1005: ',' expected.
node_modules/@types/node/http2.d.ts(1337,21): error TS1005: ',' expected.
node_modules/@types/node/http2.d.ts(1339,22): error TS1109: Expression expected.
node_modules/@types/node/http2.d.ts(1340,10): error TS1005: ';' expected.
node_modules/@types/node/http2.d.ts(1341,23): error TS1005: ',' expected.
node_modules/@types/node/http2.d.ts(1341,50): error TS1005: ',' expected.
node_modules/@types/node/http2.d.ts(1341,76): error TS1109: Expression expected.
node_modules/@types/node/http2.d.ts(1341,77): error TS1005: ';' expected.
node_modules/@types/node/http2.d.ts(1342,60): error TS1005: '?' expected.
node_modules/@types/node/http2.d.ts(1343,22): error TS1005: ',' expected.
node_modules/@types/node/http2.d.ts(1344,21): error TS1005: ',' expected.
node_modules/@types/node/http2.d.ts(1346,22): error TS1109: Expression expected.
node_modules/@types/node/http2.d.ts(1347,10): error TS1005: ';' expected.
node_modules/@types/node/http2.d.ts(1348,34): error TS1005: ',' expected.
node_modules/@types/node/http2.d.ts(1348,61): error TS1005: ',' expected.
node_modules/@types/node/http2.d.ts(1348,87): error TS1109: Expression expected.
node_modules/@types/node/http2.d.ts(1348,88): error TS1005: ';' expected.
node_modules/@types/node/http2.d.ts(1349,64): error TS1005: '?' expected.
node_modules/@types/node/http2.d.ts(1350,22): error TS1005: ',' expected.
node_modules/@types/node/http2.d.ts(1351,21): error TS1005: ',' expected.
node_modules/@types/node/http2.d.ts(1353,22): error TS1109: Expression expected.
node_modules/@types/node/http2.d.ts(1354,10): error TS1005: ';' expected.
node_modules/@types/node/http2.d.ts(1355,38): error TS1005: ',' expected.
node_modules/@types/node/http2.d.ts(1355,65): error TS1005: ',' expected.
node_modules/@types/node/http2.d.ts(1355,91): error TS1109: Expression expected.
node_modules/@types/node/http2.d.ts(1355,92): error TS1005: ';' expected.
node_modules/@types/node/http2.d.ts(1356,57): error TS1005: '?' expected.
node_modules/@types/node/http2.d.ts(1357,22): error TS1005: ',' expected.
node_modules/@types/node/http2.d.ts(1358,10): error TS1005: ';' expected.
node_modules/@types/node/http2.d.ts(1358,112): error TS1109: Expression expected.
node_modules/@types/node/http2.d.ts(1358,114): error TS1011: An element access expression should take an argument.
node_modules/@types/node/http2.d.ts(1359,31): error TS1005: ',' expected.
node_modules/@types/node/http2.d.ts(1359,49): error TS1005: ';' expected.
node_modules/@types/node/http2.d.ts(1359,76): error TS1109: Expression expected.
node_modules/@types/node/http2.d.ts(1359,78): error TS1011: An element access expression should take an argument.
node_modules/@types/node/http2.d.ts(1361,63): error TS1005: '?' expected.
node_modules/@types/node/http2.d.ts(1361,75): error TS1109: Expression expected.
node_modules/@types/node/http2.d.ts(1361,79): error TS1005: ';' expected.
node_modules/@types/node/http2.d.ts(1362,38): error TS1109: Expression expected.
node_modules/@types/node/http2.d.ts(1362,56): error TS1005: ';' expected.
node_modules/@types/node/http2.d.ts(1363,59): error TS1005: '?' expected.
node_modules/@types/node/http2.d.ts(1364,22): error TS1005: ',' expected.
node_modules/@types/node/http2.d.ts(1365,21): error TS1005: ',' expected.
node_modules/@types/node/http2.d.ts(1367,22): error TS1109: Expression expected.
node_modules/@types/node/http2.d.ts(1368,10): error TS1005: ';' expected.
node_modules/@types/node/http2.d.ts(1369,33): error TS1005: ',' expected.
node_modules/@types/node/http2.d.ts(1369,60): error TS1005: ',' expected.
node_modules/@types/node/http2.d.ts(1369,86): error TS1109: Expression expected.
node_modules/@types/node/http2.d.ts(1369,87): error TS1005: ';' expected.
node_modules/@types/node/http2.d.ts(1374,52): error TS1005: ',' expected.
node_modules/@types/node/http2.d.ts(1374,81): error TS1109: Expression expected.
node_modules/@types/node/http2.d.ts(1375,22): error TS1005: ';' expected.
node_modules/@types/node/http2.d.ts(1375,56): error TS1005: ';' expected.
node_modules/@types/node/http2.d.ts(1376,23): error TS1005: ';' expected.
node_modules/@types/node/http2.d.ts(1376,86): error TS1109: Expression expected.
node_modules/@types/node/http2.d.ts(1377,5): error TS1109: Expression expected.
node_modules/@types/node/http2.d.ts(1377,7): error TS1109: Expression expected.
node_modules/@types/node/http2.d.ts(1378,35): error TS1005: ',' expected.
node_modules/@types/node/http2.d.ts(1378,51): error TS1005: ',' expected.
node_modules/@types/node/http2.d.ts(1382,52): error TS1005: ',' expected.
node_modules/@types/node/http2.d.ts(1382,81): error TS1109: Expression expected.
node_modules/@types/node/http2.d.ts(1383,22): error TS1005: ';' expected.
node_modules/@types/node/http2.d.ts(1383,56): error TS1005: ';' expected.
node_modules/@types/node/http2.d.ts(1384,23): error TS1005: ';' expected.
node_modules/@types/node/http2.d.ts(1384,86): error TS1109: Expression expected.
node_modules/@types/node/http2.d.ts(1385,5): error TS1109: Expression expected.
node_modules/@types/node/http2.d.ts(1385,7): error TS1109: Expression expected.
node_modules/@types/node/http2.d.ts(1385,45): error TS1005: ';' expected.
node_modules/@types/node/http2.d.ts(1387,62): error TS1005: '?' expected.
node_modules/@types/node/http2.d.ts(1388,22): error TS1005: ',' expected.
node_modules/@types/node/http2.d.ts(1389,21): error TS1005: ',' expected.
node_modules/@types/node/http2.d.ts(1391,22): error TS1109: Expression expected.
node_modules/@types/node/http2.d.ts(1392,10): error TS1005: ';' expected.
node_modules/@types/node/http2.d.ts(1393,30): error TS1005: ',' expected.
node_modules/@types/node/http2.d.ts(1393,57): error TS1005: ',' expected.
node_modules/@types/node/http2.d.ts(1393,83): error TS1109: Expression expected.
node_modules/@types/node/http2.d.ts(1393,84): error TS1005: ';' expected.
node_modules/@types/node/http2.d.ts(1394,55): error TS1005: '?' expected.
node_modules/@types/node/http2.d.ts(1395,22): error TS1005: ',' expected.
node_modules/@types/node/http2.d.ts(1396,20): error TS1005: ',' expected.
node_modules/@types/node/http2.d.ts(1397,10): error TS1005: ';' expected.
node_modules/@types/node/http2.d.ts(1398,23): error TS1005: ',' expected.
node_modules/@types/node/http2.d.ts(1398,49): error TS1005: ',' expected.
node_modules/@types/node/http2.d.ts(1398,55): error TS1011: An element access expression should take an argument.
node_modules/@types/node/http2.d.ts(1398,57): error TS1005: ';' expected.
node_modules/@types/node/http2.d.ts(1399,64): error TS1005: '?' expected.
node_modules/@types/node/http2.d.ts(1400,22): error TS1005: ',' expected.
node_modules/@types/node/http2.d.ts(1401,22): error TS1109: Expression expected.
node_modules/@types/node/http2.d.ts(1403,22): error TS1109: Expression expected.
node_modules/@types/node/http2.d.ts(1404,10): error TS1005: ';' expected.
node_modules/@types/node/http2.d.ts(1405,32): error TS1005: ',' expected.
node_modules/@types/node/http2.d.ts(1405,60): error TS1109: Expression expected.
node_modules/@types/node/http2.d.ts(1405,86): error TS1109: Expression expected.
node_modules/@types/node/http2.d.ts(1405,87): error TS1005: ';' expected.
node_modules/@types/node/http2.d.ts(1406,60): error TS1005: '?' expected.
node_modules/@types/node/http2.d.ts(1407,22): error TS1005: ',' expected.
node_modules/@types/node/http2.d.ts(1408,10): error TS1005: ';' expected.
node_modules/@types/node/http2.d.ts(1410,18): error TS1109: Expression expected.
node_modules/@types/node/http2.d.ts(1410,20): error TS1011: An element access expression should take an argument.
node_modules/@types/node/http2.d.ts(1411,28): error TS1005: ',' expected.
node_modules/@types/node/http2.d.ts(1411,46): error TS1005: ';' expected.
node_modules/@types/node/http2.d.ts(1411,73): error TS1109: Expression expected.
node_modules/@types/node/http2.d.ts(1411,75): error TS1011: An element access expression should take an argument.
node_modules/@types/node/http2.d.ts(1412,54): error TS1005: '?' expected.
node_modules/@types/node/http2.d.ts(1413,22): error TS1005: ',' expected.
node_modules/@types/node/http2.d.ts(1414,21): error TS1005: ',' expected.
node_modules/@types/node/http2.d.ts(1416,22): error TS1109: Expression expected.
node_modules/@types/node/http2.d.ts(1417,10): error TS1005: ';' expected.
node_modules/@types/node/http2.d.ts(1418,22): error TS1005: ',' expected.
node_modules/@types/node/http2.d.ts(1418,49): error TS1005: ',' expected.
node_modules/@types/node/http2.d.ts(1418,75): error TS1109: Expression expected.
node_modules/@types/node/http2.d.ts(1418,76): error TS1005: ';' expected.
node_modules/@types/node/http2.d.ts(1419,53): error TS1005: '?' expected.
node_modules/@types/node/http2.d.ts(1420,22): error TS1005: ',' expected.
node_modules/@types/node/http2.d.ts(1421,21): error TS1005: ',' expected.
node_modules/@types/node/http2.d.ts(1423,22): error TS1109: Expression expected.
node_modules/@types/node/http2.d.ts(1424,10): error TS1005: ';' expected.
node_modules/@types/node/http2.d.ts(1425,21): error TS1005: ',' expected.
node_modules/@types/node/http2.d.ts(1425,48): error TS1005: ',' expected.
node_modules/@types/node/http2.d.ts(1425,74): error TS1109: Expression expected.
node_modules/@types/node/http2.d.ts(1425,75): error TS1005: ';' expected.
node_modules/@types/node/http2.d.ts(1426,55): error TS1005: '?' expected.
node_modules/@types/node/http2.d.ts(1427,22): error TS1005: ',' expected.
node_modules/@types/node/http2.d.ts(1428,21): error TS1005: ',' expected.
node_modules/@types/node/http2.d.ts(1430,22): error TS1109: Expression expected.
node_modules/@types/node/http2.d.ts(1431,10): error TS1005: ';' expected.
node_modules/@types/node/http2.d.ts(1432,23): error TS1005: ',' expected.
node_modules/@types/node/http2.d.ts(1432,50): error TS1005: ',' expected.
node_modules/@types/node/http2.d.ts(1432,76): error TS1109: Expression expected.
node_modules/@types/node/http2.d.ts(1432,77): error TS1005: ';' expected.
node_modules/@types/node/http2.d.ts(1433,66): error TS1005: '?' expected.
node_modules/@types/node/http2.d.ts(1434,22): error TS1005: ',' expected.
node_modules/@types/node/http2.d.ts(1435,21): error TS1005: ',' expected.
node_modules/@types/node/http2.d.ts(1437,22): error TS1109: Expression expected.
node_modules/@types/node/http2.d.ts(1438,10): error TS1005: ';' expected.
node_modules/@types/node/http2.d.ts(1439,34): error TS1005: ',' expected.
node_modules/@types/node/http2.d.ts(1439,61): error TS1005: ',' expected.
node_modules/@types/node/http2.d.ts(1439,87): error TS1109: Expression expected.
node_modules/@types/node/http2.d.ts(1439,88): error TS1005: ';' expected.
node_modules/@types/node/http2.d.ts(1440,70): error TS1005: '?' expected.
node_modules/@types/node/http2.d.ts(1441,22): error TS1005: ',' expected.
node_modules/@types/node/http2.d.ts(1442,21): error TS1005: ',' expected.
node_modules/@types/node/http2.d.ts(1444,22): error TS1109: Expression expected.
node_modules/@types/node/http2.d.ts(1445,10): error TS1005: ';' expected.
node_modules/@types/node/http2.d.ts(1446,38): error TS1005: ',' expected.
node_modules/@types/node/http2.d.ts(1446,65): error TS1005: ',' expected.
node_modules/@types/node/http2.d.ts(1446,91): error TS1109: Expression expected.
node_modules/@types/node/http2.d.ts(1446,92): error TS1005: ';' expected.
node_modules/@types/node/http2.d.ts(1447,63): error TS1005: '?' expected.
node_modules/@types/node/http2.d.ts(1448,22): error TS1005: ',' expected.
node_modules/@types/node/http2.d.ts(1449,10): error TS1005: ';' expected.
node_modules/@types/node/http2.d.ts(1451,18): error TS1109: Expression expected.
node_modules/@types/node/http2.d.ts(1451,20): error TS1011: An element access expression should take an argument.
node_modules/@types/node/http2.d.ts(1452,31): error TS1005: ',' expected.
node_modules/@types/node/http2.d.ts(1452,49): error TS1005: ';' expected.
node_modules/@types/node/http2.d.ts(1452,76): error TS1109: Expression expected.
node_modules/@types/node/http2.d.ts(1452,78): error TS1011: An element access expression should take an argument.
node_modules/@types/node/http2.d.ts(1454,69): error TS1005: '?' expected.
node_modules/@types/node/http2.d.ts(1454,81): error TS1109: Expression expected.
node_modules/@types/node/http2.d.ts(1454,85): error TS1005: ';' expected.
node_modules/@types/node/http2.d.ts(1455,38): error TS1109: Expression expected.
node_modules/@types/node/http2.d.ts(1455,56): error TS1005: ';' expected.
node_modules/@types/node/http2.d.ts(1456,65): error TS1005: '?' expected.
node_modules/@types/node/http2.d.ts(1457,22): error TS1005: ',' expected.
node_modules/@types/node/http2.d.ts(1458,21): error TS1005: ',' expected.
node_modules/@types/node/http2.d.ts(1460,22): error TS1109: Expression expected.
node_modules/@types/node/http2.d.ts(1461,10): error TS1005: ';' expected.
node_modules/@types/node/http2.d.ts(1462,33): error TS1005: ',' expected.
node_modules/@types/node/http2.d.ts(1462,60): error TS1005: ',' expected.
node_modules/@types/node/http2.d.ts(1462,86): error TS1109: Expression expected.
node_modules/@types/node/http2.d.ts(1462,87): error TS1005: ';' expected.
node_modules/@types/node/http2.d.ts(2377,52): error TS1005: ',' expected.
node_modules/@types/node/http2.d.ts(2377,81): error TS1109: Expression expected.
node_modules/@types/node/http2.d.ts(2378,22): error TS1005: ';' expected.
node_modules/@types/node/http2.d.ts(2378,56): error TS1005: ';' expected.
node_modules/@types/node/http2.d.ts(2379,23): error TS1005: ';' expected.
node_modules/@types/node/http2.d.ts(2379,86): error TS1109: Expression expected.
node_modules/@types/node/http2.d.ts(2380,5): error TS1109: Expression expected.
node_modules/@types/node/http2.d.ts(2381,16): error TS1005: ')' expected.
node_modules/@types/node/http2.d.ts(2381,89): error TS1109: Expression expected.
node_modules/@types/node/http2.d.ts(2382,26): error TS1109: Expression expected.
node_modules/@types/node/http2.d.ts(2382,112): error TS1109: Expression expected.
node_modules/@types/node/http2.d.ts(2383,5): error TS1109: Expression expected.
node_modules/@types/node/http2.d.ts(2383,6): error TS1128: Declaration or statement expected.
node_modules/@types/node/http2.d.ts(2383,77): error TS1005: '(' expected.
node_modules/@types/node/http2.d.ts(2417,52): error TS1005: ',' expected.
node_modules/@types/node/http2.d.ts(2417,81): error TS1109: Expression expected.
node_modules/@types/node/http2.d.ts(2418,22): error TS1005: ';' expected.
node_modules/@types/node/http2.d.ts(2418,56): error TS1005: ';' expected.
node_modules/@types/node/http2.d.ts(2419,23): error TS1005: ';' expected.
node_modules/@types/node/http2.d.ts(2419,86): error TS1109: Expression expected.
node_modules/@types/node/http2.d.ts(2420,5): error TS1109: Expression expected.
node_modules/@types/node/http2.d.ts(2421,16): error TS1005: ')' expected.
node_modules/@types/node/http2.d.ts(2421,95): error TS1109: Expression expected.
node_modules/@types/node/http2.d.ts(2422,26): error TS1109: Expression expected.
node_modules/@types/node/http2.d.ts(2422,112): error TS1109: Expression expected.
node_modules/@types/node/http2.d.ts(2423,5): error TS1109: Expression expected.
node_modules/@types/node/http2.d.ts(2423,6): error TS1128: Declaration or statement expected.
node_modules/@types/node/http2.d.ts(2423,83): error TS1005: '(' expected.
node_modules/@types/node/http2.d.ts(2457,52): error TS1005: ',' expected.
node_modules/@types/node/http2.d.ts(2457,81): error TS1109: Expression expected.
node_modules/@types/node/http2.d.ts(2458,22): error TS1005: ';' expected.
node_modules/@types/node/http2.d.ts(2458,56): error TS1005: ';' expected.
node_modules/@types/node/http2.d.ts(2459,23): error TS1005: ';' expected.
node_modules/@types/node/http2.d.ts(2459,86): error TS1109: Expression expected.
node_modules/@types/node/http2.d.ts(2460,5): error TS1109: Expression expected.
node_modules/@types/node/http2.d.ts(2461,15): error TS1005: ')' expected.
node_modules/@types/node/http2.d.ts(2462,17): error TS1109: Expression expected.
node_modules/@types/node/http2.d.ts(2462,90): error TS1109: Expression expected.
node_modules/@types/node/http2.d.ts(2463,5): error TS1109: Expression expected.
node_modules/@types/node/http2.d.ts(2463,6): error TS1128: Declaration or statement expected.
node_modules/@types/node/http2.d.ts(2463,84): error TS1005: '(' expected.
node_modules/@types/node/https.d.ts(8,52): error TS1005: ',' expected.
node_modules/@types/node/https.d.ts(8,76): error TS1109: Expression expected.
node_modules/@types/node/https.d.ts(9,5): error TS1109: Expression expected.
node_modules/@types/node/https.d.ts(9,7): error TS1109: Expression expected.
node_modules/@types/node/https.d.ts(9,52): error TS1109: Expression expected.
node_modules/@types/node/https.d.ts(9,69): error TS1005: ';' expected.
node_modules/@types/node/https.d.ts(41,52): error TS1005: ',' expected.
node_modules/@types/node/https.d.ts(41,76): error TS1109: Expression expected.
node_modules/@types/node/https.d.ts(42,5): error TS1109: Expression expected.
node_modules/@types/node/https.d.ts(42,7): error TS1109: Expression expected.
node_modules/@types/node/https.d.ts(42,53): error TS1109: Expression expected.
node_modules/@types/node/https.d.ts(42,74): error TS1005: ';' expected.
node_modules/@types/node/https.d.ts(49,52): error TS1005: ',' expected.
node_modules/@types/node/https.d.ts(49,76): error TS1109: Expression expected.
node_modules/@types/node/https.d.ts(50,5): error TS1109: Expression expected.
node_modules/@types/node/https.d.ts(50,7): error TS1109: Expression expected.
node_modules/@types/node/https.d.ts(50,26): error TS1005: ';' expected.
node_modules/@types/node/https.d.ts(51,37): error TS1109: Expression expected.
node_modules/@types/node/https.d.ts(51,78): error TS1005: '(' expected.
node_modules/@types/node/https.d.ts(51,79): error TS1005: ')' expected.
node_modules/@types/node/https.d.ts(53,20): error TS1005: ',' expected.
node_modules/@types/node/https.d.ts(53,54): error TS1109: Expression expected.
node_modules/@types/node/https.d.ts(54,29): error TS1109: Expression expected.
node_modules/@types/node/https.d.ts(54,70): error TS1109: Expression expected.
node_modules/@types/node/https.d.ts(60,30): error TS1005: ';' expected.
node_modules/@types/node/https.d.ts(60,36): error TS1109: Expression expected.
node_modules/@types/node/https.d.ts(65,31): error TS1005: ';' expected.
node_modules/@types/node/https.d.ts(65,37): error TS1109: Expression expected.
node_modules/@types/node/https.d.ts(67,51): error TS1005: '?' expected.
node_modules/@types/node/https.d.ts(68,22): error TS1005: ',' expected.
node_modules/@types/node/https.d.ts(69,21): error TS1005: ',' expected.
node_modules/@types/node/https.d.ts(69,78): error TS1109: Expression expected.
node_modules/@types/node/https.d.ts(70,10): error TS1005: ';' expected.
node_modules/@types/node/https.d.ts(71,30): error TS1005: ',' expected.
node_modules/@types/node/https.d.ts(71,57): error TS1005: ',' expected.
node_modules/@types/node/https.d.ts(71,83): error TS1109: Expression expected.
node_modules/@types/node/https.d.ts(71,84): error TS1005: ';' expected.
node_modules/@types/node/https.d.ts(72,44): error TS1005: '?' expected.
node_modules/@types/node/https.d.ts(72,55): error TS1005: ',' expected.
node_modules/@types/node/https.d.ts(72,67): error TS1005: ',' expected.
node_modules/@types/node/https.d.ts(72,106): error TS1005: ';' expected.
node_modules/@types/node/https.d.ts(73,23): error TS1005: ',' expected.
node_modules/@types/node/https.d.ts(73,49): error TS1005: ',' expected.
node_modules/@types/node/https.d.ts(73,55): error TS1011: An element access expression should take an argument.
node_modules/@types/node/https.d.ts(73,57): error TS1005: ';' expected.
node_modules/@types/node/https.d.ts(74,53): error TS1005: '?' expected.
node_modules/@types/node/https.d.ts(75,22): error TS1005: ',' expected.
node_modules/@types/node/https.d.ts(76,22): error TS1109: Expression expected.
node_modules/@types/node/https.d.ts(76,79): error TS1109: Expression expected.
node_modules/@types/node/https.d.ts(77,10): error TS1005: ';' expected.
node_modules/@types/node/https.d.ts(78,32): error TS1005: ',' expected.
node_modules/@types/node/https.d.ts(78,60): error TS1109: Expression expected.
node_modules/@types/node/https.d.ts(78,86): error TS1109: Expression expected.
node_modules/@types/node/https.d.ts(78,87): error TS1005: ';' expected.
node_modules/@types/node/https.d.ts(79,49): error TS1005: '?' expected.
node_modules/@types/node/https.d.ts(80,22): error TS1005: ',' expected.
node_modules/@types/node/https.d.ts(81,10): error TS1005: ';' expected.
node_modules/@types/node/https.d.ts(81,68): error TS1109: Expression expected.
node_modules/@types/node/https.d.ts(81,70): error TS1011: An element access expression should take an argument.
node_modules/@types/node/https.d.ts(82,28): error TS1005: ',' expected.
node_modules/@types/node/https.d.ts(82,46): error TS1005: ';' expected.
node_modules/@types/node/https.d.ts(82,73): error TS1109: Expression expected.
node_modules/@types/node/https.d.ts(82,75): error TS1011: An element access expression should take an argument.
node_modules/@types/node/https.d.ts(83,43): error TS1005: '?' expected.
node_modules/@types/node/https.d.ts(84,22): error TS1005: ',' expected.
node_modules/@types/node/https.d.ts(85,21): error TS1005: ',' expected.
node_modules/@types/node/https.d.ts(85,78): error TS1109: Expression expected.
node_modules/@types/node/https.d.ts(86,10): error TS1005: ';' expected.
node_modules/@types/node/https.d.ts(87,22): error TS1005: ',' expected.
node_modules/@types/node/https.d.ts(87,49): error TS1005: ',' expected.
node_modules/@types/node/https.d.ts(87,75): error TS1109: Expression expected.
node_modules/@types/node/https.d.ts(87,76): error TS1005: ';' expected.
node_modules/@types/node/https.d.ts(88,42): error TS1005: '?' expected.
node_modules/@types/node/https.d.ts(89,22): error TS1005: ',' expected.
node_modules/@types/node/https.d.ts(90,21): error TS1005: ',' expected.
node_modules/@types/node/https.d.ts(90,78): error TS1109: Expression expected.
node_modules/@types/node/https.d.ts(91,10): error TS1005: ';' expected.
node_modules/@types/node/https.d.ts(92,21): error TS1005: ',' expected.
node_modules/@types/node/https.d.ts(92,48): error TS1005: ',' expected.
node_modules/@types/node/https.d.ts(92,74): error TS1109: Expression expected.
node_modules/@types/node/https.d.ts(92,75): error TS1005: ';' expected.
node_modules/@types/node/https.d.ts(93,44): error TS1005: '?' expected.
node_modules/@types/node/https.d.ts(94,22): error TS1005: ',' expected.
node_modules/@types/node/https.d.ts(95,21): error TS1005: ',' expected.
node_modules/@types/node/https.d.ts(95,78): error TS1109: Expression expected.
node_modules/@types/node/https.d.ts(96,10): error TS1005: ';' expected.
node_modules/@types/node/https.d.ts(97,23): error TS1005: ',' expected.
node_modules/@types/node/https.d.ts(97,50): error TS1005: ',' expected.
node_modules/@types/node/https.d.ts(97,76): error TS1109: Expression expected.
node_modules/@types/node/https.d.ts(97,77): error TS1005: ';' expected.
node_modules/@types/node/https.d.ts(98,55): error TS1005: '?' expected.
node_modules/@types/node/https.d.ts(99,22): error TS1005: ',' expected.
node_modules/@types/node/https.d.ts(100,21): error TS1005: ',' expected.
node_modules/@types/node/https.d.ts(100,78): error TS1109: Expression expected.
node_modules/@types/node/https.d.ts(101,10): error TS1005: ';' expected.
node_modules/@types/node/https.d.ts(102,34): error TS1005: ',' expected.
node_modules/@types/node/https.d.ts(102,61): error TS1005: ',' expected.
node_modules/@types/node/https.d.ts(102,87): error TS1109: Expression expected.
node_modules/@types/node/https.d.ts(102,88): error TS1005: ';' expected.
node_modules/@types/node/https.d.ts(103,59): error TS1005: '?' expected.
node_modules/@types/node/https.d.ts(104,22): error TS1005: ',' expected.
node_modules/@types/node/https.d.ts(105,21): error TS1005: ',' expected.
node_modules/@types/node/https.d.ts(105,78): error TS1109: Expression expected.
node_modules/@types/node/https.d.ts(106,10): error TS1005: ';' expected.
node_modules/@types/node/https.d.ts(107,38): error TS1005: ',' expected.
node_modules/@types/node/https.d.ts(107,65): error TS1005: ',' expected.
node_modules/@types/node/https.d.ts(107,91): error TS1109: Expression expected.
node_modules/@types/node/https.d.ts(107,92): error TS1005: ';' expected.
node_modules/@types/node/https.d.ts(108,52): error TS1005: '?' expected.
node_modules/@types/node/https.d.ts(109,22): error TS1005: ',' expected.
node_modules/@types/node/https.d.ts(110,10): error TS1005: ';' expected.
node_modules/@types/node/https.d.ts(110,68): error TS1109: Expression expected.
node_modules/@types/node/https.d.ts(110,70): error TS1011: An element access expression should take an argument.
node_modules/@types/node/https.d.ts(111,31): error TS1005: ',' expected.
node_modules/@types/node/https.d.ts(111,49): error TS1005: ';' expected.
node_modules/@types/node/https.d.ts(111,76): error TS1109: Expression expected.
node_modules/@types/node/https.d.ts(111,78): error TS1011: An element access expression should take an argument.
node_modules/@types/node/https.d.ts(113,58): error TS1005: '?' expected.
node_modules/@types/node/https.d.ts(113,70): error TS1109: Expression expected.
node_modules/@types/node/https.d.ts(113,74): error TS1005: ';' expected.
node_modules/@types/node/https.d.ts(114,38): error TS1109: Expression expected.
node_modules/@types/node/https.d.ts(114,56): error TS1005: ';' expected.
node_modules/@types/node/https.d.ts(115,54): error TS1005: '?' expected.
node_modules/@types/node/https.d.ts(116,22): error TS1005: ',' expected.
node_modules/@types/node/https.d.ts(117,21): error TS1005: ',' expected.
node_modules/@types/node/https.d.ts(117,78): error TS1109: Expression expected.
node_modules/@types/node/https.d.ts(118,10): error TS1005: ';' expected.
node_modules/@types/node/https.d.ts(119,33): error TS1005: ',' expected.
node_modules/@types/node/https.d.ts(119,60): error TS1005: ',' expected.
node_modules/@types/node/https.d.ts(119,86): error TS1109: Expression expected.
node_modules/@types/node/https.d.ts(119,87): error TS1005: ';' expected.
node_modules/@types/node/https.d.ts(124,52): error TS1005: ',' expected.
node_modules/@types/node/https.d.ts(124,76): error TS1109: Expression expected.
node_modules/@types/node/https.d.ts(125,5): error TS1109: Expression expected.
node_modules/@types/node/https.d.ts(125,7): error TS1109: Expression expected.
node_modules/@types/node/https.d.ts(165,52): error TS1005: ',' expected.
node_modules/@types/node/https.d.ts(165,76): error TS1109: Expression expected.
node_modules/@types/node/https.d.ts(166,5): error TS1109: Expression expected.
node_modules/@types/node/https.d.ts(166,23): error TS1109: Expression expected.
node_modules/@types/node/https.d.ts(166,64): error TS1005: '(' expected.
node_modules/@types/node/https.d.ts(166,65): error TS1005: ')' expected.
node_modules/@types/node/https.d.ts(166,92): error TS1005: '(' expected.
node_modules/@types/node/https.d.ts(169,52): error TS1005: ',' expected.
node_modules/@types/node/https.d.ts(169,76): error TS1109: Expression expected.
node_modules/@types/node/https.d.ts(170,5): error TS1109: Expression expected.
node_modules/@types/node/https.d.ts(171,16): error TS1005: ')' expected.
node_modules/@types/node/https.d.ts(171,50): error TS1109: Expression expected.
node_modules/@types/node/https.d.ts(172,25): error TS1109: Expression expected.
node_modules/@types/node/https.d.ts(172,66): error TS1109: Expression expected.
node_modules/@types/node/https.d.ts(173,5): error TS1109: Expression expected.
node_modules/@types/node/https.d.ts(173,6): error TS1128: Declaration or statement expected.
node_modules/@types/node/https.d.ts(173,33): error TS1005: '(' expected.
node_modules/react-router/dist/development/index.d.ts(872,187): error TS1005: '?' expected.
node_modules/react-router/dist/development/register-D1WlEpq9.d.ts(16,45): error TS1005: '?' expected.
node_modules/react-router/dist/development/register-D1WlEpq9.d.ts(23,55): error TS1005: '?' expected.
node_modules/react-router/dist/development/register-D1WlEpq9.d.ts(27,59): error TS1005: '?' expected.
node_modules/react-router/dist/development/routeModules-CM_clkdE.d.ts(11,43): error TS1005: '?' expected.
node_modules/reselect/dist/reselect.d.ts(8,122): error TS1005: '?' expected.
node_modules/reselect/dist/reselect.d.ts(11,1): error TS1005: '?' expected.
